// Jest Snapshot v1, https://goo.gl/fbAQLP

exports[`Timer component renders Timer 1`] = `
<h2>
  Time remaining: 
  60
</h2>
`;
